<!DOCTYPE html>
<html lang="en">
<head>
    <meta charset="UTF-8">
    <meta name="viewport" content="width=device-width, initial-scale=1.0">
    <meta http-equiv="X-UA-Compatible" content="ie=edge">
    <title>golden</title>
    <link rel="stylesheet" href="styles/index.css">
</head>
<body>
    <div class="all">
        <header>
            <div class="top wrap">
                <h1><img class="logo" src="images/Logo-Treehouse@2x.png" alt="logo-golden"></h1>
                <nav class="top-nav">
                    <ul>
                        <li><a href="#">HOME</a></li>
                        <li><a href="#">SERVICES</a></li>
                        <li><a href="#">PROTFOLIO</a></li>
                        <li><a href="#">ABOUT</a></li>
                        <li><a href="#">CONTACT</a></li>
                    </ul>
                </nav>
            </div>
            <div class="title wrap flex-center">
                <ul>
                    <li class="flex-center">
                        <p class="welcome">Welcome To Our Studio!</p>
                    </li>
                    <li class="flex-center">
                        <p class="nice_to_meet">IT'S NICE TO MEET YOU</p>
                    </li>
                    <li class="flex-center"><a href="#" class="tell_more">TELL ME MORE</a></li>
                </ul>
            </div>
        </header>
        <div class="service div-default">
            <div class="div-margin-default wrap">
                <ul>
                    <li class="flex-center"><p class="div-title">SERVICES</p></li>
                    <li class="flex-center"><p class="div-title-small">Proin iaculis purus consequat sem cure.</p></li>
                </ul>
                <ul class="flex-space-around ul-margin-top">
                    <li>
                        <a href="" class="flex-center"><img src="images/1-E-Commerce@2x.png" alt="E-Commerce"></a> 
                        <p class="p-title p-center p-margin-top-bottom">
                            E-Commerce
                        </p>
                        <p class="p-content p-align-justity ">
                            Proin iaculis purus consequat sem cure 
                            digni ssim. Donec porttitora entum suscipit 
                            aenean rhoncus posuere odio in tincidunt.
                        </p>
                    </li>
                    <li>
                        <a href="" class="flex-center"><img src="images/2-ResponsiveWeb@2x.png" alt="Responsive Web"></a>
                        <p class="p-title p-center p-margin-top-bottom">
                            Responsive Web
                        </p>
                        <p class="p-content p-align-justity">
                            Proin iaculis purus consequat sem cure 
                            digni ssim. Donec porttitora entum suscipit 
                            aenean rhoncus posuere odio in tincidunt.
                        </p>
                    </li>
                    <li>
                        <a href="" class="flex-center"><img src="images/3-WebSecurity@2x.png" alt="Web Security"></a>
                        <p class="p-title p-center p-margin-top-bottom">
                            Web Security
                        </p>
                        <p class="p-content p-align-justity">
                            Proin iaculis purus consequat sem cure 
                            digni ssim. Donec porttitora entum suscipit 
                            aenean rhoncus posuere odio in tincidunt.
                        </p>
                    </li>
                </ul>
            </div>
        </div>
        <div class="protfolio div-default div-color-default">
            <div class="div-padding-default wrap">
                    <ul>
                        <li class="flex-center"><p class="div-title">OUR PORTFOLIO</p></li>
                        <li class="flex-center"><p class="div-title-small">Proin iaculis purus consequat sem cure.</p></li>
                    </ul>
                    <ul class="flex-space-between ul-margin-top">
                        <li class="li-white">
                            <a href=""><img src="images/Ebony.png" alt=""></a>
                            <p class="p-title p-center p-other-top">Ebony & Ivory</p>
                            <p class="div-title-small p-center p-other-bottom">Branding</p>
                        </li>
                        <li class="li-white">
                            <a href=""><img src="images/Smart.png" alt=""></a>
                            <p class="p-title p-center p-other-top">Smart Stationary</p>
                            <p class="div-title-small p-center p-other-bottom">Print Design</p>
                        </li class="li-white">
                        <li class="li-white">
                            <a href=""><img src="images/Clever.png" alt=""></a>
                            <p class="p-title p-center p-other-top">Clever Poster</p>
                            <p class="div-title-small p-center p-other-bottom">Print Design</p>
                        </li>
                    </ul>
                    <ul class="flex-space-between ul-margin-top">
                        <li class="li-white">
                            <a href=""><img src="images/Vinyl.png" alt=""></a> 
                            <p class="p-title p-center p-other-top">Vinyl Record</p>
                            <p class="div-title-small p-center p-other-bottom">Product Mock-Up</p>
                        </li>
                        <li class="li-white">
                            <a href=""><img src="images/Treehouse.png" alt=""></a>
                            <p class="p-title p-center p-other-top">Treehouse Template</p>
                            <p class="div-title-small p-center p-other-bottom">Web Design</p>
                        </li>
                        <li class="li-white">
                            <a href=""><img src="images/Burned.png" alt=""></a>
                            <p class="p-title p-center p-other-top">Burned Logo</p>
                            <p class="div-title-small p-center p-other-bottom">Branding</p>
                        </li>
                    </ul>
            </div>   
        </div>
        <div class="about-us">
            <div class="div-margin-default wrap">
                <ul>
                    <li class="flex-center">
                        <p class="div-title">ABOUT AS</p>
                    </li>
                    <li class="flex-center">
                        <p class="div-title-small">Proin iaculis purus consequat sem cure.</p>
                    </li>
                </ul>
                <ul class="ul-margin-top flex-center ul-relation">
                    <li class="li-position-left">
                        <p class="p-right-align p-title">
                            JULY 2010
                        </p>
                        <p class="p-right-align p-title">
                            Our Humble Beginnings 
                        </p>
                        <p class="p-right-align p-content">
                            Proin iaculis purus consequat sem cure 
                        digni ssim. Donec porttitora entum suscipit 
                        aenean rhoncus posuere odio in tincidunt. Proin 
                        iaculis purus consequat sem cure digni 
                        ssim. Donec porttitora entum suscipit.
                        </p>
                    </li>
                    <li><img src="images/July2010.png" alt=""></li>
                </ul>
                <ul class="flex-center ul-relation">
                    <li class="li-position-right">
                        <p class="p-left-align p-title">
                                JANUARY 2011
                        </p>
                        <p class="p-left-align p-title">
                               Facing Startup Battles
                        </p>
                        <p class="p-left-align p-content">
                                Proin iaculis purus consequat sem cure 
                                digni ssim. Donec porttitora entum suscipit 
                                aenean rhoncus posuere odio in tincidunt. Proin 
                                iaculis purus consequat sem cure digni 
                                ssim. Donec porttitora entum suscipit aenean 
                                rhoncus posuere odio in tincidunt.
                        </p>
                    </li>
                    <li><img src="images/January2011.png" alt=""></li>
                </ul>
                <ul class="flex-center ul-relation">
                    <li class="li-position-left"> 
                        <p class="p-right-align p-title">
                            DECEMBER 2012
                        </p>
                        <p class="p-right-align p-title">
                            Enter The Dark Days 
                        </p>
                        <p class="p-right-align p-content">
                                Proin iaculis purus consequat sem cure 
                                digni ssim. Donec porttitora entum suscipit 
                                aenean rhoncus posuere odio in tincidunt. Proin 
                                iaculis purus consequat sem cure digni.
                        </p>
                    </li>
                    <li><img src="images/December2012.png" alt=""></li>
                </ul>
                <ul class="flex-center ul-relation">
                    <li class="li-position-right">
                        <p class="p-left-align p-title">
                            FEBRUARY 2014
                        </p>
                        <p class="p-left-align p-title">
                            Our Triumph 
                        </p>
                        <p class="p-left-align p-content">
                                Proin iaculis purus consequat sem cure 
                                digni ssim. Donec porttitora entum suscipit 
                                aenean rhoncus posuere odio in tincidunt. Proin 
                                iaculis purus consequat sem cure digni 
                                ssim. Donec porttitora entum suscipit aenean.
                        </p>
                    </li>
                    <li><img src="images/February2014.png" alt=""></li>
                </ul>
                <ul class="flex-center ul-relation">
                    <li class="li-position-center">
                        <p class="p-center-align">Our</p>
                        <p class="p-center-align"> STORY</p>
                        <p class="p-center-align">CONTINUES</p>
                        <p class="p-center-align">...</p>
                    </li>
                    <li><img src="images//Our.png" alt=""></li>
                </ul>
            </div>
        </div>
        <div class="our-amazing-team div-color-default">
            <div class="div-padding-default wrap">
                <ul>
                        <li class="flex-center">
                            <p class="div-title">OUR AMAZING TEAM</p>
                        </li>
                        <li class="flex-center">
                            <p class="div-title-small">Proin iaculis purus consequat sem cure.</p>
                        </li>
                </ul>
                <ul class="flex-space-between ul-margin-top">
                    <li>
                        <img src="images/blackradius.png" alt="">
                        <p class="p-title p-center">Kimberly Thompson</p>
                        <p class="p-content p-center p-bottom-top">Marketer</p>
                        <span class="flex-center">
                            <a href="" class="icon-margin"><img src="images/Twitterus.png" alt=""></a>
                            <a href="" class="icon-margin"><img src="images/Facebookus.png" alt=""></a>
                            <a href=""><img src="images/Pinterestus.png" alt=""></a>
                        </span>
                    </li>
                    <li>
                        <img src="images/blackradius.png" alt="">
                        <p class="p-title p-center">Rico Massimo</p>
                        <p class="p-content p-center p-bottom-top">Coder</p>
                        <span class="flex-center">
                            <a href="" class="icon-margin"><img src="images/Twitterus.png" alt=""></a>
                            <a href="" class="icon-margin"><img src="images/Facebookus.png" alt=""></a>
                            <a href=""><img src="images/Google+us.png" alt=""></a>
                        </span>
                    </li>
                    <li>
                        <img src="images/blackradius.png" alt="">
                        <p class="p-title p-center">Uku Mason</p>
                        <p class="p-content p-center p-bottom-top">Graphic Designer</p>
                        <span class="flex-center">
                            <a href="" class="icon-margin"><img src="images/Twitterus.png" alt=""></a>
                            <a href=""><img src="images/Pinterestus.png" alt=""></a>
                        </span>
                    </li>
                </ul>
                <ul>
                    <li class="amazing-footer">
                        <p>Proin iaculis purus consequat sem cure  digni ssim donec porttitora entum suscipit</p>
                        <p>aenean rhoncus posuere odio in tincidunt proin iaculis.</p>
                    </li>
                </ul>           
            </div>
        </div>
        <div class="more-logo">
            <div class="wrap">
                <ul class="flex-space-between">
                    <li><a href=""><img src="images/Envato.png" alt=""></a></li>
                    <li><a href=""><img src="images/WordPress.png" alt=""></a></li>
                    <li><a href=""><img src="images/Tuts+.png" alt=""></a></li>
                    <li><a href=""><img src="images/Microlancer copy.png" alt=""></a></li>
                </ul>
            </div>
        </div>
        <div class="contact-us">
            <div class="div-padding-default wrap">
                <ul>
                    <li class="flex-center">
                        <p class="contact-us-title div-title">OUR AMAZING TEAM</p>
                    </li>
                    <li class="flex-center">
                        <p class="div-title-small">Proin iaculis purus consequat sem cure.</p>
                    </li>
                </ul>
                <div class="form ul-margin-top">
                    <form action="">
                        <ul class="flex-center">
                            <li class="flex-direction-column">
                                <input type="text" class="text-input" class="text-name" placeholder="YOUR NAME* "> 
                                <input type="text" class="text-input" class="text-email" placeholder="YOUR E-MAIL*">
                                <input type="text" class="text-input" class="text-subject" placeholder="SUBJECT">
                            </li>
                            <li>
                                <textarea name="" id="" cols="30" rows="10" class="message" placeholder="YOUR MESSAGE*"></textarea>
                            </li>
                        </ul>
                        <span class="flex-center">
                            <input type="submit" value="SEND MESSAGE" class="subimt-center">
                        </span>
                    </form>
                </div>
            </div>
        </div>
        <footer>
            <div class="footer wrap flex-center">
                <ul class="flex-center">
                    <li><img src="images/©Copyright 2014 FreebiesXpress.com@2x.png" alt="©Copyright 2014 FreebiesXpress.com@2x"></li>
                    <li><a href="#" class="icon-margin"><img src="images/Twitter.png" alt="Twitter"></a></li>
                    <li><a href="#" class="icon-margin"><img src="images/Facebook.png" alt="Facebook"></a></li>
                    <li><a href="#" class="icon-margin"><img src="images/Pinterest.png" alt="Pinterest"></a></li>
                    <li><a href="#"><img src="images/Google+.png" alt="Google+"></a></li>
                </ul>
            </div>
        </footer>
    </div>
</body>
</html>